// Jest Snapshot v1, https://goo.gl/fbAQLP

exports[`GenerateSiteService generates some files 1`] = `
[MockFunction] {
  "calls": Array [
    Array [
      "./build/yesterday.html",
      "
<!DOCTYPE html>
<meta charset=\\"utf-8\\">
<title>Redirecting to yesterday: https://www.notion.so/2021-11-26-e5f92c3eaa1a47dab45a77027a1c4d89</title>
<meta http-equiv=\\"refresh\\" content=\\"0; URL=https://www.notion.so/2021-11-26-e5f92c3eaa1a47dab45a77027a1c4d89\\">
<link rel=\\"shortcut icon\\" type=\\"image/png\\" href=\\"favicon.png\\"/>
<link rel=\\"canonical\\" href=\\"https://www.notion.so/2021-11-26-e5f92c3eaa1a47dab45a77027a1c4d89\\">
",
    ],
    Array [
      "./build/today.html",
      "
<!DOCTYPE html>
<meta charset=\\"utf-8\\">
<title>Redirecting to today: https://www.notion.so/2021-11-27-d2576fe922b24556a0d46e7d1f7c27d3</title>
<meta http-equiv=\\"refresh\\" content=\\"0; URL=https://www.notion.so/2021-11-27-d2576fe922b24556a0d46e7d1f7c27d3\\">
<link rel=\\"shortcut icon\\" type=\\"image/png\\" href=\\"favicon.png\\"/>
<link rel=\\"canonical\\" href=\\"https://www.notion.so/2021-11-27-d2576fe922b24556a0d46e7d1f7c27d3\\">
",
    ],
    Array [
      "./build/tomorrow.html",
      "
<!DOCTYPE html>
<meta charset=\\"utf-8\\">
<title>Redirecting to tomorrow: https://www.notion.so/2021-11-28-9ff830c9e65141bba22b42222913d3aa</title>
<meta http-equiv=\\"refresh\\" content=\\"0; URL=https://www.notion.so/2021-11-28-9ff830c9e65141bba22b42222913d3aa\\">
<link rel=\\"shortcut icon\\" type=\\"image/png\\" href=\\"favicon.png\\"/>
<link rel=\\"canonical\\" href=\\"https://www.notion.so/2021-11-28-9ff830c9e65141bba22b42222913d3aa\\">
",
    ],
    Array [
      "./build/next-monday.html",
      "
<!DOCTYPE html>
<meta charset=\\"utf-8\\">
<title>Redirecting to next-monday: https://www.notion.so/2021-11-29-7c0b81ec814b4922b962f8239f4104c8</title>
<meta http-equiv=\\"refresh\\" content=\\"0; URL=https://www.notion.so/2021-11-29-7c0b81ec814b4922b962f8239f4104c8\\">
<link rel=\\"shortcut icon\\" type=\\"image/png\\" href=\\"favicon.png\\"/>
<link rel=\\"canonical\\" href=\\"https://www.notion.so/2021-11-29-7c0b81ec814b4922b962f8239f4104c8\\">
",
    ],
    Array [
      "./build/this-weekend.html",
      "
<!DOCTYPE html>
<meta charset=\\"utf-8\\">
<title>Redirecting to this-weekend: https://www.notion.so/2021-11-27-d2576fe922b24556a0d46e7d1f7c27d3</title>
<meta http-equiv=\\"refresh\\" content=\\"0; URL=https://www.notion.so/2021-11-27-d2576fe922b24556a0d46e7d1f7c27d3\\">
<link rel=\\"shortcut icon\\" type=\\"image/png\\" href=\\"favicon.png\\"/>
<link rel=\\"canonical\\" href=\\"https://www.notion.so/2021-11-27-d2576fe922b24556a0d46e7d1f7c27d3\\">
",
    ],
    Array [
      "./build/next-weekend.html",
      "
<!DOCTYPE html>
<meta charset=\\"utf-8\\">
<title>Redirecting to next-weekend: https://www.notion.so/2021-12-05-c26599490d44479baa3a3f46de4ab7f5</title>
<meta http-equiv=\\"refresh\\" content=\\"0; URL=https://www.notion.so/2021-12-05-c26599490d44479baa3a3f46de4ab7f5\\">
<link rel=\\"shortcut icon\\" type=\\"image/png\\" href=\\"favicon.png\\"/>
<link rel=\\"canonical\\" href=\\"https://www.notion.so/2021-12-05-c26599490d44479baa3a3f46de4ab7f5\\">
",
    ],
    Array [
      "./build/last-friday.html",
      "
<!DOCTYPE html>
<meta charset=\\"utf-8\\">
<title>Redirecting to last-friday: https://www.notion.so/2021-11-26-e5f92c3eaa1a47dab45a77027a1c4d89</title>
<meta http-equiv=\\"refresh\\" content=\\"0; URL=https://www.notion.so/2021-11-26-e5f92c3eaa1a47dab45a77027a1c4d89\\">
<link rel=\\"shortcut icon\\" type=\\"image/png\\" href=\\"favicon.png\\"/>
<link rel=\\"canonical\\" href=\\"https://www.notion.so/2021-11-26-e5f92c3eaa1a47dab45a77027a1c4d89\\">
",
    ],
    Array [
      "./build/not-found.html",
      "
<!DOCTYPE html>

<html lang=\\"en\\">
<head>
<meta charset=\\"utf-8\\">
<title>Daybook redirects - Not Found</title>
<link rel=\\"shortcut icon\\" type=\\"image/png\\" href=\\"favicon.png\\"/>

<style>
  html {
    height: 100%;
  }

  body {
    height: 100%;

    font-family: Courier, sans-serif;
    display: flex;
    flex-direction: column;
    justify-content: space-between;
  }
</style>

</head>

<body>
  <main>

      <h1>Daybook Redirects - Not found</h1>

      <p>
        <a href=\\"https://app.netlify.com/sites/daybook-redirects/deploys?filter=main\\">
          Whoops? Something wrong with the build?
        </a>
      </p>
      <p>
        <a href=\\"https://www.notion.so/2021-11-28-9ff830c9e65141bba22b42222913d3aa\\">
          Daybooks home page
        </a>
      </p>
  </main>

  <footer>
    <p><em>Updated: 2021-11-27 20:00:00</em></p>
  <footer>
</body>
</html>
",
    ],
    Array [
      "./build/index.html",
      "
<!DOCTYPE html>

<html lang=\\"en\\">
<head>
<meta charset=\\"utf-8\\">
<title>Daybook redirects - Not Found</title>
<link rel=\\"shortcut icon\\" type=\\"image/png\\" href=\\"favicon.png\\"/>

<style>
  html {
    height: 100%;
  }

  body {
    height: 100%;

    font-family: Courier, sans-serif;
    display: flex;
    flex-direction: column;
    justify-content: space-between;
  }
</style>

</head>

<body>
  <main>

      <h1>Daybook Redirects</h1>

      <ul>
        <li><a href=\\"./yesterday.html\\">yesterday</a></li>
<li><a href=\\"./today.html\\">today</a></li>
<li><a href=\\"./tomorrow.html\\">tomorrow</a></li>
<li><a href=\\"./next-monday.html\\">next-monday</a></li>
<li><a href=\\"./this-weekend.html\\">this-weekend</a></li>
<li><a href=\\"./next-weekend.html\\">next-weekend</a></li>
<li><a href=\\"./last-friday.html\\">last-friday</a></li>

      </ul>

      
      <p>
        <a href=\\"https://www.notion.so/2021-11-28-9ff830c9e65141bba22b42222913d3aa\\">
          Daybooks home page
        </a>
      </p>
    
  </main>

  <footer>
    <p><em>Updated: 2021-11-27 20:00:00</em></p>
  <footer>
</body>
</html>
",
    ],
  ],
  "results": Array [
    Object {
      "type": "return",
      "value": undefined,
    },
    Object {
      "type": "return",
      "value": undefined,
    },
    Object {
      "type": "return",
      "value": undefined,
    },
    Object {
      "type": "return",
      "value": undefined,
    },
    Object {
      "type": "return",
      "value": undefined,
    },
    Object {
      "type": "return",
      "value": undefined,
    },
    Object {
      "type": "return",
      "value": undefined,
    },
    Object {
      "type": "return",
      "value": undefined,
    },
    Object {
      "type": "return",
      "value": undefined,
    },
  ],
}
`;
